This is pdfTeX, Version 3.141592653-2.6-1.40.29 (TeX Live 2026/Arch Linux) (preloaded format=pdflatex 2026.8.26)  2 SEP 2026 19:37
entering extended mode
 restricted \write18 enabled.
 %&-line parsing enabled.
**main
(./main.tex
LaTeX2e <2025-11-01>
L3 programming layer <2026-01-19>
(/usr/share/texmf-dist/tex/latex/base/article.cls
Document Class: article 2025/01/22 v1.4n Standard LaTeX document class
(/usr/share/texmf-dist/tex/latex/base/size10.clo
File: size10.clo 2025/01/22 v1.4n Standard LaTeX file (size option)
)
\c@part=\count275
\c@section=\count276
\c@subsection=\count277
\c@subsubsection=\count278
\c@paragraph=\count279
\c@subparagraph=\count280
\c@figure=\count281
\c@table=\count282
\abovecaptionskip=\skip49
\belowcaptionskip=\skip50
\bibindent=\dimen148
)
(/usr/share/texmf-dist/tex/latex/graphics/graphicx.sty
Package: graphicx 2024/12/31 v1.2e Enhanced LaTeX Graphics (DPC,SPQR)

(/usr/share/texmf-dist/tex/latex/graphics/keyval.sty
Package: keyval 2022/05/29 v1.15 key=value parser (DPC)
\KV@toks@=\toks17
)
(/usr/share/texmf-dist/tex/latex/graphics/graphics.sty
Package: graphics 2024/08/06 v1.4g Standard LaTeX Graphics (DPC,SPQR)

(/usr/share/texmf-dist/tex/latex/graphics/trig.sty
Package: trig 2023/12/02 v1.11 sin cos tan (DPC)
)
(/usr/share/texmf-dist/tex/latex/graphics-cfg/graphics.cfg
File: graphics.cfg 2016/06/04 v1.11 sample graphics configuration
)
Package graphics Info: Driver file: pdftex.def on input line 106.

(/usr/share/texmf-dist/tex/latex/graphics-def/pdftex.def
File: pdftex.def 2025/09/29 v1.2d Graphics/color driver for pdftex
))
\Gin@req@height=\dimen149
\Gin@req@width=\dimen150
)
(/usr/share/texmf-dist/tex/latex/svg/svg.sty
Package: svg 2020/11/26 v2.02k (include SVG pictures)

(/usr/share/texmf-dist/tex/generic/iftex/iftex.sty
Package: iftex 2024/12/12 v1.0g TeX engine tests
)
(/usr/share/texmf-dist/tex/latex/koma-script/scrbase.sty
Package: scrbase 2026/02/02 v3.49.2 KOMA-Script package (KOMA-Script-independen
t basics and keyval usage)

(/usr/share/texmf-dist/tex/latex/koma-script/scrlfile.sty
Package: scrlfile 2026/02/02 v3.49.2 KOMA-Script package (file load hooks)

(/usr/share/texmf-dist/tex/latex/koma-script/scrlfile-hook.sty
Package: scrlfile-hook 2026/02/02 v3.49.2 KOMA-Script package (using LaTeX hook
s)

(/usr/share/texmf-dist/tex/latex/koma-script/scrlogo.sty
Package: scrlogo 2026/02/02 v3.49.2 KOMA-Script package (logo)
)))
Applying: [2021/05/01] Usage of raw or classic option list on input line 254.
Already applied: [0000/00/00] Usage of raw or classic option list on input line
 370.
)
(/usr/share/texmf-dist/tex/generic/pdftexcmds/pdftexcmds.sty
Package: pdftexcmds 2020-06-27 v0.33 Utility functions of pdfTeX for LuaTeX (HO
)

(/usr/share/texmf-dist/tex/generic/infwarerr/infwarerr.sty
Package: infwarerr 2019/12/03 v1.5 Providing info/warning/error messages (HO)
)
(/usr/share/texmf-dist/tex/generic/ltxcmds/ltxcmds.sty
Package: ltxcmds 2023-12-04 v1.26 LaTeX kernel commands for general use (HO)
)
Package pdftexcmds Info: \pdf@primitive is available.
Package pdftexcmds Info: \pdf@ifprimitive is available.
Package pdftexcmds Info: \pdfdraftmode found.
)
(/usr/share/texmf-dist/tex/latex/trimspaces/trimspaces.sty
Package: trimspaces 2009/09/17 v1.1 Trim spaces around a token list
)
(/usr/share/texmf-dist/tex/latex/tools/shellesc.sty
Package: shellesc 2023/07/08 v1.0d unified shell escape interface for LaTeX
Package shellesc Info: Restricted shell escape enabled on input line 77.
)
\c@svg@param@lastpage=\count283
\svg@box=\box53
\c@svg@param@currpage=\count284
)
(/usr/share/texmf-dist/tex/latex/xcolor/xcolor.sty
Package: xcolor 2024/09/29 v3.02 LaTeX color extensions (UK)

(/usr/share/texmf-dist/tex/latex/graphics-cfg/color.cfg
File: color.cfg 2016/01/02 v1.6 sample color configuration
)
Package xcolor Info: Driver file: pdftex.def on input line 274.

(/usr/share/texmf-dist/tex/latex/graphics/mathcolor.ltx)
Package xcolor Info: Model `cmy' substituted by `cmy0' on input line 1349.
Package xcolor Info: Model `hsb' substituted by `rgb' on input line 1353.
Package xcolor Info: Model `RGB' extended on input line 1365.
Package xcolor Info: Model `HTML' substituted by `rgb' on input line 1367.
Package xcolor Info: Model `Hsb' substituted by `hsb' on input line 1368.
Package xcolor Info: Model `tHsb' substituted by `hsb' on input line 1369.
Package xcolor Info: Model `HSB' substituted by `hsb' on input line 1370.
Package xcolor Info: Model `Gray' substituted by `gray' on input line 1371.
Package xcolor Info: Model `wave' substituted by `hsb' on input line 1372.
)
(/usr/share/texmf-dist/tex/latex/transparent/transparent.sty
Package: transparent 2025-06-23 v1.6 Transparency with color stacks

(/usr/share/texmf-dist/tex/latex/transparent/transparent-nometadata.sty
Package: transparent-nometadata 2025-06-23 v1.6 Transparency via pdfTeX's color
 stack (HO)

(/usr/share/texmf-dist/tex/latex/auxhook/auxhook.sty
Package: auxhook 2019-12-17 v1.6 Hooks for auxiliary files (HO)
)))
(/usr/share/texmf-dist/tex/latex/pgf/systemlayer/pgfsys.sty
(/usr/share/texmf-dist/tex/latex/pgf/utilities/pgfrcs.sty
(/usr/share/texmf-dist/tex/generic/pgf/utilities/pgfutil-common.tex
\pgfutil@everybye=\toks18
\pgfutil@tempdima=\dimen151
\pgfutil@tempdimb=\dimen152
)
(/usr/share/texmf-dist/tex/generic/pgf/utilities/pgfutil-latex.def
\pgfutil@abb=\box54
)
(/usr/share/texmf-dist/tex/generic/pgf/utilities/pgfrcs.code.tex
(/usr/share/texmf-dist/tex/generic/pgf/pgf.revision.tex)
Package: pgfrcs 2025-08-29 v3.1.11a (3.1.11a)
))
(/usr/share/texmf-dist/tex/generic/pgf/systemlayer/pgfsys.code.tex
Package: pgfsys 2025-08-29 v3.1.11a (3.1.11a)

(/usr/share/texmf-dist/tex/generic/pgf/utilities/pgfkeys.code.tex
\pgfkeys@pathtoks=\toks19
\pgfkeys@temptoks=\toks20

(/usr/share/texmf-dist/tex/generic/pgf/utilities/pgfkeyslibraryfiltered.code.te
x
\pgfkeys@tmptoks=\toks21
))
\pgf@x=\dimen153
\pgf@y=\dimen154
\pgf@xa=\dimen155
\pgf@ya=\dimen156
\pgf@xb=\dimen157
\pgf@yb=\dimen158
\pgf@xc=\dimen159
\pgf@yc=\dimen160
\pgf@xd=\dimen161
\pgf@yd=\dimen162
\w@pgf@writea=\write3
\r@pgf@reada=\read2
\c@pgf@counta=\count285
\c@pgf@countb=\count286
\c@pgf@countc=\count287
\c@pgf@countd=\count288
\t@pgf@toka=\toks22
\t@pgf@tokb=\toks23
\t@pgf@tokc=\toks24
\pgf@sys@id@count=\count289
 (/usr/share/texmf-dist/tex/generic/pgf/systemlayer/pgf.cfg
File: pgf.cfg 2025-08-29 v3.1.11a (3.1.11a)
)
Driver file for pgf: pgfsys-pdftex.def

(/usr/share/texmf-dist/tex/generic/pgf/systemlayer/pgfsys-pdftex.def
File: pgfsys-pdftex.def 2025-08-29 v3.1.11a (3.1.11a)

(/usr/share/texmf-dist/tex/generic/pgf/systemlayer/pgfsys-common-pdf.def
File: pgfsys-common-pdf.def 2025-08-29 v3.1.11a (3.1.11a)
)))
(/usr/share/texmf-dist/tex/generic/pgf/systemlayer/pgfsyssoftpath.code.tex
File: pgfsyssoftpath.code.tex 2025-08-29 v3.1.11a (3.1.11a)
\pgfsyssoftpath@smallbuffer@items=\count290
\pgfsyssoftpath@bigbuffer@items=\count291
)
(/usr/share/texmf-dist/tex/generic/pgf/systemlayer/pgfsysprotocol.code.tex
File: pgfsysprotocol.code.tex 2025-08-29 v3.1.11a (3.1.11a)
))
(/usr/share/texmf-dist/tex/latex/base/inputenc.sty
Package: inputenc 2024/02/08 v1.3d Input encoding file
\inpenc@prehook=\toks25
\inpenc@posthook=\toks26
)
(/usr/share/texmf-dist/tex/latex/base/fontenc.sty
Package: fontenc 2025/07/18 v2.1d Standard LaTeX package
)
(/usr/share/texmf-dist/tex/latex/inconsolata/inconsolata.sty
Package: inconsolata 2019/05/17 v1.12

`inconsolata-zi4' v1.12, 2019/05/17 Text macros for Inconsolata (msharpe)
(/usr/share/texmf-dist/tex/latex/base/textcomp.sty
Package: textcomp 2024/04/24 v2.1b Standard LaTeX package
)
(/usr/share/texmf-dist/tex/latex/xkeyval/xkeyval.sty
Package: xkeyval 2025/11/04 v2.10 package option processing (HA)

(/usr/share/texmf-dist/tex/generic/xkeyval/xkeyval.tex
(/usr/share/texmf-dist/tex/generic/xkeyval/xkvutils.tex
\XKV@toks=\toks27
\XKV@tempa@toks=\toks28
\XKV@tempb@toks=\toks29
)
\XKV@depth=\count292
File: xkeyval.tex 2014/12/03 v2.7a key=value parser (HA)
))
\zifour@ocount=\count293
)
(/usr/share/texmf-dist/tex/generic/babel/babel.sty
Package: babel 2026/02/14 v26.3 The multilingual framework for LuaLaTeX, pdfLaT
eX and XeLaTeX
\babel@savecnt=\count294
LaTeX Encoding Info:    Redeclaring text command \ij (encoding OT1) on input li
ne 2078.
LaTeX Encoding Info:    Redeclaring text command \IJ (encoding OT1) on input li
ne 2080.
LaTeX Encoding Info:    Redeclaring text command \ij (encoding T1) on input lin
e 2082.
LaTeX Encoding Info:    Redeclaring text command \IJ (encoding T1) on input lin
e 2083.
LaTeX Encoding Info:    Ignoring declaration for text command \ij (encoding ?) 
on input line 2084.
LaTeX Encoding Info:    Ignoring declaration for text command \IJ (encoding ?) 
on input line 2086.
LaTeX Encoding Info:    Ignoring declaration for text command \SS (encoding ?) 
on input line 2111.
\U@D=\dimen163
\l@unhyphenated=\language4

(/usr/share/texmf-dist/tex/generic/babel/txtbabel.def)
\bbl@readstream=\read3
\bbl@dirlevel=\count295

(/usr/share/texmf-dist/tex/generic/babel/locale/pt/babel-portuguese.tex)
Package babel Info: Importing font and identification data for portuguese
(babel)             from babel-pt.ini. Reported on input line 4330.

(/usr/share/texmf-dist/tex/generic/babel-portuges/portuguese.ldf
Language: portuges 2026/01/24 v1.2u Portuguese support from the babel system
Package babel Info: Making " an active character on input line 132.
))
(/usr/share/texmf-dist/tex/latex/listings/listings.sty
\lst@mode=\count296
\lst@gtempboxa=\box55
\lst@token=\toks30
\lst@length=\count297
\lst@currlwidth=\dimen164
\lst@column=\count298
\lst@pos=\count299
\lst@lostspace=\dimen165
\lst@width=\dimen166
\lst@newlines=\count300
\lst@lineno=\count301
\lst@maxwidth=\dimen167

(/usr/share/texmf-dist/tex/latex/listings/lstpatch.sty
File: lstpatch.sty 2025/11/14 1.11b (Carsten Heinz)
)
(/usr/share/texmf-dist/tex/latex/listings/lstmisc.sty
File: lstmisc.sty 2025/11/14 1.11b (Carsten Heinz)
\c@lstnumber=\count302
\lst@skipnumbers=\count303
\lst@framebox=\box56
)
(/usr/share/texmf-dist/tex/latex/listings/listings.cfg
File: listings.cfg 2025/11/14 1.11b listings configuration
))
Package: listings 2025/11/14 1.11b (Carsten Heinz)

==> First Aid for listings.sty no longer applied!
    Expected:
        2024/09/23 1.10c (Carsten Heinz)
    but found:
        2025/11/14 1.11b (Carsten Heinz)
    so I'm assuming it got fixed.
(/usr/share/texmf-dist/tex/latex/tools/verbatim.sty
Package: verbatim 2024-01-22 v1.5x LaTeX2e package for verbatim enhancements
\every@verbatim=\toks31
\verbatim@line=\toks32
\verbatim@in@stream=\read4
)
(/usr/share/texmf-dist/tex/latex/geometry/geometry.sty
Package: geometry 2020/01/02 v5.9 Page Geometry

(/usr/share/texmf-dist/tex/generic/iftex/ifvtex.sty
Package: ifvtex 2019/10/25 v1.7 ifvtex legacy package. Use iftex instead.
)
\Gm@cnth=\count304
\Gm@cntv=\count305
\c@Gm@tempcnt=\count306
\Gm@bindingoffset=\dimen168
\Gm@wd@mp=\dimen169
\Gm@odd@mp=\dimen170
\Gm@even@mp=\dimen171
\Gm@layoutwidth=\dimen172
\Gm@layoutheight=\dimen173
\Gm@layouthoffset=\dimen174
\Gm@layoutvoffset=\dimen175
\Gm@dimlist=\toks33
)
(/usr/share/texmf-dist/tex/latex/float/float.sty
Package: float 2001/11/08 v1.3d Float enhancements (AL)
\c@float@type=\count307
\float@exts=\toks34
\float@box=\box57
\@float@everytoks=\toks35
\@floatcapt=\box58
)
(/usr/share/texmf-dist/tex/latex/subfig/subfig.sty
Package: subfig 2005/06/28 ver: 1.3 subfig package

(/usr/share/texmf-dist/tex/latex/caption/caption.sty
Package: caption 2023/08/05 v3.6o Customizing captions (AR)

(/usr/share/texmf-dist/tex/latex/caption/caption3.sty
Package: caption3 2023/07/31 v2.4d caption3 kernel (AR)
\caption@tempdima=\dimen176
\captionmargin=\dimen177
\caption@leftmargin=\dimen178
\caption@rightmargin=\dimen179
\caption@width=\dimen180
\caption@indent=\dimen181
\caption@parindent=\dimen182
\caption@hangindent=\dimen183
Package caption Info: Standard document class detected.
)
\c@caption@flags=\count308
\c@continuedfloat=\count309
Package caption Info: float package is loaded.
Package caption Info: listings package is loaded.
)
\c@KVtest=\count310
\sf@farskip=\skip51
\sf@captopadj=\dimen184
\sf@capskip=\skip52
\sf@nearskip=\skip53
\c@subfigure=\count311
\c@subfigure@save=\count312
\c@lofdepth=\count313
\c@subtable=\count314
\c@subtable@save=\count315
\c@lotdepth=\count316
\sf@top=\skip54
\sf@bottom=\skip55
)
(/usr/share/texmf-dist/tex/latex/amsmath/amsmath.sty
Package: amsmath 2025/07/09 v2.17z AMS math features
\@mathmargin=\skip56

For additional information on amsmath, use the `?' option.
(/usr/share/texmf-dist/tex/latex/amsmath/amstext.sty
Package: amstext 2024/11/17 v2.01 AMS text

(/usr/share/texmf-dist/tex/latex/amsmath/amsgen.sty
File: amsgen.sty 1999/11/30 v2.0 generic functions
\@emptytoks=\toks36
\ex@=\dimen185
))
(/usr/share/texmf-dist/tex/latex/amsmath/amsbsy.sty
Package: amsbsy 1999/11/29 v1.2d Bold Symbols
\pmbraise@=\dimen186
)
(/usr/share/texmf-dist/tex/latex/amsmath/amsopn.sty
Package: amsopn 2022/04/08 v2.04 operator names
)
\inf@bad=\count317
LaTeX Info: Redefining \frac on input line 233.
\uproot@=\count318
\leftroot@=\count319
LaTeX Info: Redefining \overline on input line 398.
LaTeX Info: Redefining \colon on input line 409.
\classnum@=\count320
\DOTSCASE@=\count321
LaTeX Info: Redefining \ldots on input line 495.
LaTeX Info: Redefining \dots on input line 498.
LaTeX Info: Redefining \cdots on input line 619.
\Mathstrutbox@=\box59
\strutbox@=\box60
LaTeX Info: Redefining \big on input line 721.
LaTeX Info: Redefining \Big on input line 722.
LaTeX Info: Redefining \bigg on input line 723.
LaTeX Info: Redefining \Bigg on input line 724.
\big@size=\dimen187
LaTeX Font Info:    Redeclaring font encoding OML on input line 742.
LaTeX Font Info:    Redeclaring font encoding OMS on input line 743.
\macc@depth=\count322
LaTeX Info: Redefining \bmod on input line 904.
LaTeX Info: Redefining \pmod on input line 909.
LaTeX Info: Redefining \smash on input line 939.
LaTeX Info: Redefining \relbar on input line 969.
LaTeX Info: Redefining \Relbar on input line 970.
\c@MaxMatrixCols=\count323
\dotsspace@=\muskip17
\c@parentequation=\count324
\dspbrk@lvl=\count325
\tag@help=\toks37
\row@=\count326
\column@=\count327
\maxfields@=\count328
\andhelp@=\toks38
\eqnshift@=\dimen188
\alignsep@=\dimen189
\tagshift@=\dimen190
\tagwidth@=\dimen191
\totwidth@=\dimen192
\lineht@=\dimen193
\@envbody=\toks39
\multlinegap=\skip57
\multlinetaggap=\skip58
\mathdisplay@stack=\toks40
LaTeX Info: Redefining \[ on input line 2950.
LaTeX Info: Redefining \] on input line 2951.
)
(/usr/share/texmf-dist/tex/latex/l3backend/l3backend-pdftex.def
File: l3backend-pdftex.def 2025-10-09 L3 backend support: PDF output (pdfTeX)
\l__color_backend_stack_int=\count329
) (./main.aux
Package babel Info: 'portuguese' activates 'portuges' shorthands.
(babel)             Reported on input line 6.
)
\openout1 = `main.aux'.

LaTeX Font Info:    Checking defaults for OML/cmm/m/it on input line 58.
LaTeX Font Info:    ... okay on input line 58.
LaTeX Font Info:    Checking defaults for OMS/cmsy/m/n on input line 58.
LaTeX Font Info:    ... okay on input line 58.
LaTeX Font Info:    Checking defaults for OT1/cmr/m/n on input line 58.
LaTeX Font Info:    ... okay on input line 58.
LaTeX Font Info:    Checking defaults for T1/cmr/m/n on input line 58.
LaTeX Font Info:    ... okay on input line 58.
LaTeX Font Info:    Checking defaults for TS1/cmr/m/n on input line 58.
LaTeX Font Info:    ... okay on input line 58.
LaTeX Font Info:    Checking defaults for OMX/cmex/m/n on input line 58.
LaTeX Font Info:    ... okay on input line 58.
LaTeX Font Info:    Checking defaults for U/cmr/m/n on input line 58.
LaTeX Font Info:    ... okay on input line 58.

(/usr/share/texmf-dist/tex/context/base/mkii/supp-pdf.mkii
[Loading MPS to PDF converter (version 2006.09.02).]
\scratchcounter=\count330
\scratchdimen=\dimen194
\scratchbox=\box61
\nofMPsegments=\count331
\nofMParguments=\count332
\everyMPshowfont=\toks41
\MPscratchCnt=\count333
\MPscratchDim=\dimen195
\MPnumerator=\count334
\makeMPintoPDFobject=\count335
\everyMPtoPDFconversion=\toks42
) (/usr/share/texmf-dist/tex/latex/epstopdf-pkg/epstopdf-base.sty
Package: epstopdf-base 2020-01-24 v2.11 Base part for package epstopdf

(/usr/share/texmf-dist/tex/latex/grfext/grfext.sty
Package: grfext 2019/12/03 v1.3 Manage graphics extensions (HO)

(/usr/share/texmf-dist/tex/generic/kvdefinekeys/kvdefinekeys.sty
Package: kvdefinekeys 2019-12-19 v1.6 Define keys (HO)
))
(/usr/share/texmf-dist/tex/latex/kvoptions/kvoptions.sty
Package: kvoptions 2022-06-15 v3.15 Key value format for package options (HO)

(/usr/share/texmf-dist/tex/latex/kvsetkeys/kvsetkeys.sty
Package: kvsetkeys 2022-10-05 v1.19 Key value parser (HO)
))
Package epstopdf-base Info: Redefining graphics rule for `.eps' on input line 4
85.
Package grfext Info: Graphics extension search list:
(grfext)             [.pdf,.png,.jpg,.mps,.jpeg,.jbig2,.jb2,.PDF,.PNG,.JPG,.JPE
G,.JBIG2,.JB2,.eps]
(grfext)             \AppendGraphicsExtensions on input line 504.

(/usr/share/texmf-dist/tex/latex/latexconfig/epstopdf-sys.cfg
File: epstopdf-sys.cfg 2010/07/13 v1.3 Configuration of (r)epstopdf for TeX Liv
e
))
(/usr/share/texmf-dist/tex/latex/upquote/upquote.sty
Package: upquote 2012/04/19 v1.3 upright-quote and grave-accent glyphs in verba
tim
)
\c@lstlisting=\count336

*geometry* driver: auto-detecting
*geometry* detected driver: pdftex
*geometry* verbose mode - [ preamble ] result:
* driver: pdftex
* paper: <default>
* layout: <same size as paper>
* layoutoffset:(h,v)=(0.0pt,0.0pt)
* modes: 
* h-part:(L,W,R)=(56.9055pt, 500.484pt, 56.9055pt)
* v-part:(T,H,B)=(56.9055pt, 681.15898pt, 56.9055pt)
* \paperwidth=614.295pt
* \paperheight=794.96999pt
* \textwidth=500.484pt
* \textheight=681.15898pt
* \oddsidemargin=-15.36449pt
* \evensidemargin=-15.36449pt
* \topmargin=-52.36449pt
* \headheight=12.0pt
* \headsep=25.0pt
* \topskip=10.0pt
* \footskip=30.0pt
* \marginparwidth=65.0pt
* \marginparsep=11.0pt
* \columnsep=10.0pt
* \skip\footins=9.0pt plus 4.0pt minus 2.0pt
* \hoffset=0.0pt
* \voffset=0.0pt
* \mag=1000
* \@twocolumnfalse
* \@twosidefalse
* \@mparswitchfalse
* \@reversemarginfalse
* (1in=72.27pt=25.4mm, 1cm=28.453pt)

Package caption Info: Begin \AtBeginDocument code.
Package caption Info: subfig package v1.3 is loaded.
Package caption Info: End \AtBeginDocument code.
<Imagens/TRUST-LAB.png, id=4, 2055.68pt x 2055.68pt>
File: Imagens/TRUST-LAB.png Graphic file (type png)
<use Imagens/TRUST-LAB.png>
Package pdftex.def Info: Imagens/TRUST-LAB.png  used on input line 76.
(pdftex.def)             Requested size: 42.67912pt x 42.65927pt.
[1

{/var/lib/texmf/fonts/map/pdftex/updmap/pdftex.map}{/usr/share/texmf-dist/fonts
/enc/dvips/cm-super/cm-super-t1.enc} <./Imagens/TRUST-LAB.png>] (./main.toc)
\tf@toc=\write4
\openout4 = `main.toc'.


[2] (./Introdução.tex
Underfull \hbox (badness 10000) in paragraph at lines 3--9

 []

LaTeX Font Info:    Trying to load font information for T1+zi4 on input line 14
.
(/usr/share/texmf-dist/tex/latex/inconsolata/t1zi4.fd
File: t1zi4.fd 2018/01/14 T1/zi4 (Inconsolata)
)
LaTeX Font Info:    Font shape `T1/zi4/m/n' will be
(Font)              scaled to size 10.0pt on input line 14.

Underfull \hbox (badness 10000) in paragraph at lines 10--16

 []


Underfull \hbox (badness 10000) in paragraph at lines 17--23

 []


Underfull \hbox (badness 10000) in paragraph at lines 24--32

 []

) (./Enquadramento.tex
<Imagens/Basic-Lista.png, id=23, 1056.94875pt x 187.70125pt>
File: Imagens/Basic-Lista.png Graphic file (type png)
<use Imagens/Basic-Lista.png>
Package pdftex.def Info: Imagens/Basic-Lista.png  used on input line 14.
(pdftex.def)             Requested size: 240.23016pt x 42.66057pt.
<Imagens/Basic-Arvore.png, id=24, 824.07875pt x 414.54875pt>
File: Imagens/Basic-Arvore.png Graphic file (type png)
<use Imagens/Basic-Arvore.png>
Package pdftex.def Info: Imagens/Basic-Arvore.png  used on input line 18.
(pdftex.def)             Requested size: 200.19054pt x 100.70189pt.
 [3{/usr/share/texmf-dist/fonts/enc/dvips/inconsolata/i4-t1-0.enc} <./Imagens/B
asic-Lista.png> <./Imagens/Basic-Arvore.png>]
<Imagens/Basic-Cons.png, id=38, 1561.835pt x 449.68pt>
File: Imagens/Basic-Cons.png Graphic file (type png)
<use Imagens/Basic-Cons.png>
Package pdftex.def Info: Imagens/Basic-Cons.png  used on input line 27.
(pdftex.def)             Requested size: 250.24199pt x 72.04633pt.
<Imagens/Basic-Jump.png, id=39, 1068.99374pt x 123.46124pt>
File: Imagens/Basic-Jump.png Graphic file (type png)
<use Imagens/Basic-Jump.png>
Package pdftex.def Info: Imagens/Basic-Jump.png  used on input line 35.
(pdftex.def)             Requested size: 250.24199pt x 28.90036pt.
<Imagens/Basic-Lookup.png, id=40, 957.5775pt x 166.6225pt>
File: Imagens/Basic-Lookup.png Graphic file (type png)
<use Imagens/Basic-Lookup.png>
Package pdftex.def Info: Imagens/Basic-Lookup.png  used on input line 45.
(pdftex.def)             Requested size: 250.24199pt x 43.542pt.
<Imagens/Improved-Lista.png, id=41, 1071.00125pt x 216.81pt>
File: Imagens/Improved-Lista.png Graphic file (type png)
<use Imagens/Improved-Lista.png>
Package pdftex.def Info: Imagens/Improved-Lista.png  used on input line 62.
(pdftex.def)             Requested size: 240.23016pt x 48.63127pt.
<Imagens/Improved-Arvore.png, id=42, 883.3pt x 422.57875pt>
File: Imagens/Improved-Arvore.png Graphic file (type png)
<use Imagens/Improved-Arvore.png>
Package pdftex.def Info: Imagens/Improved-Arvore.png  used on input line 66.
(pdftex.def)             Requested size: 200.19054pt x 95.77249pt.
 [4{/usr/share/texmf-dist/fonts/enc/dvips/cm-super/cm-super-ts1.enc} <./Imagens
/Basic-Cons.png> <./Imagens/Basic-Jump.png> <./Imagens/Basic-Lookup.png> <./Ima
gens/Improved-Lista.png> <./Imagens/Improved-Arvore.png>]
<Imagens/Regiao1.png, id=53, 354.32375pt x 240.9pt>
File: Imagens/Regiao1.png Graphic file (type png)
<use Imagens/Regiao1.png>
Package pdftex.def Info: Imagens/Regiao1.png  used on input line 90.
(pdftex.def)             Requested size: 150.14671pt x 102.08524pt.
<Imagens/Regiao2.png, id=54, 401.5pt x 240.9pt>
File: Imagens/Regiao2.png Graphic file (type png)
<use Imagens/Regiao2.png>
Package pdftex.def Info: Imagens/Regiao2.png  used on input line 91.
(pdftex.def)             Requested size: 150.14671pt x 90.09099pt.
<Imagens/Regiao3.png, id=55, 360.34625pt x 277.035pt>
File: Imagens/Regiao3.png Graphic file (type png)
<use Imagens/Regiao3.png>
Package pdftex.def Info: Imagens/Regiao3.png  used on input line 92.
(pdftex.def)             Requested size: 150.14671pt x 115.43237pt.
<Imagens/Advanced-Arvore.png, id=56, 1127.21124pt x 433.62pt>
File: Imagens/Advanced-Arvore.png Graphic file (type png)
<use Imagens/Advanced-Arvore.png>
Package pdftex.def Info: Imagens/Advanced-Arvore.png  used on input line 112.
(pdftex.def)             Requested size: 400.38872pt x 154.0255pt.
 [5 <./Imagens/Regiao1.png> <./Imagens/Regiao2.png> <./Imagens/Regiao3.png> <./
Imagens/Advanced-Arvore.png>]
<Imagens/No-Normal.png, id=65, 286.06876pt x 237.88875pt>
File: Imagens/No-Normal.png Graphic file (type png)
<use Imagens/No-Normal.png>
Package pdftex.def Info: Imagens/No-Normal.png  used on input line 132.
(pdftex.def)             Requested size: 100.09526pt x 83.2369pt.
<Imagens/No-Skip.png, id=66, 376.40625pt x 405.515pt>
File: Imagens/No-Skip.png Graphic file (type png)
<use Imagens/No-Skip.png>
Package pdftex.def Info: Imagens/No-Skip.png  used on input line 133.
(pdftex.def)             Requested size: 100.09526pt x 107.83221pt.
<Imagens/No-Leaf.png, id=67, 390.45876pt x 341.275pt>
File: Imagens/No-Leaf.png Graphic file (type png)
<use Imagens/No-Leaf.png>
Package pdftex.def Info: Imagens/No-Leaf.png  used on input line 134.
(pdftex.def)             Requested size: 100.09526pt x 87.48482pt.
)
(./Desenvolvimento.tex [6 <./Imagens/No-Normal.png> <./Imagens/No-Skip.png> <./
Imagens/No-Leaf.png>] (/usr/share/texmf-dist/tex/latex/listings/lstlang1.sty
File: lstlang1.sty 2025/11/14 1.11b listings language file
)
(/usr/share/texmf-dist/tex/latex/listings/lstlang2.sty
File: lstlang2.sty 2025/11/14 1.11b listings language file
)
(/usr/share/texmf-dist/tex/latex/listings/lstlang1.sty
File: lstlang1.sty 2025/11/14 1.11b listings language file
)
(/usr/share/texmf-dist/tex/latex/listings/lstlang2.sty
File: lstlang2.sty 2025/11/14 1.11b listings language file
)
(/usr/share/texmf-dist/tex/latex/listings/lstmisc.sty
File: lstmisc.sty 2025/11/14 1.11b (Carsten Heinz)
)
LaTeX Font Info:    Font shape `T1/zi4/m/n' will be
(Font)              scaled to size 8.0pt on input line 9.
LaTeX Font Info:    Font shape `T1/zi4/b/n' will be
(Font)              scaled to size 8.0pt on input line 10.
LaTeX Font Info:    Trying to load font information for TS1+zi4 on input line 1
0.

(/usr/share/texmf-dist/tex/latex/inconsolata/ts1zi4.fd
File: ts1zi4.fd 2018/01/14 TS1/zi4 (Inconsolata)
)
LaTeX Font Info:    Font shape `TS1/zi4/m/n' will be
(Font)              scaled to size 8.0pt on input line 10.
<Imagens/Dense-Lista.png, id=74, 1252.68pt x 331.2375pt>
File: Imagens/Dense-Lista.png Graphic file (type png)
<use Imagens/Dense-Lista.png>
Package pdftex.def Info: Imagens/Dense-Lista.png  used on input line 34.
(pdftex.def)             Requested size: 240.23016pt x 63.52206pt.
<Imagens/Dense-Arvore.png, id=75, 723.70375pt x 410.53375pt>
File: Imagens/Dense-Arvore.png Graphic file (type png)
<use Imagens/Dense-Arvore.png>
Package pdftex.def Info: Imagens/Dense-Arvore.png  used on input line 38.
(pdftex.def)             Requested size: 240.23016pt x 136.27211pt.

Underfull \hbox (badness 10000) in paragraph at lines 46--49

 []

[7{/usr/share/texmf-dist/fonts/enc/dvips/inconsolata/i4-ts1.enc} <./Imagens/Den
se-Lista.png> <./Imagens/Dense-Arvore.png>]
Underfull \hbox (badness 10000) in paragraph at lines 67--74

 []

<Imagens/Iarass-Lista.png, id=84, 1245.65375pt x 456.70625pt>
File: Imagens/Iarass-Lista.png Graphic file (type png)
<use Imagens/Iarass-Lista.png>
Package pdftex.def Info: Imagens/Iarass-Lista.png  used on input line 92.
(pdftex.def)             Requested size: 240.23016pt x 88.07825pt.
<Imagens/Iarass-Arvore.png, id=85, 723.70375pt x 436.63126pt>
File: Imagens/Iarass-Arvore.png Graphic file (type png)
<use Imagens/Iarass-Arvore.png>
Package pdftex.def Info: Imagens/Iarass-Arvore.png  used on input line 96.
(pdftex.def)             Requested size: 200.19054pt x 120.77686pt.

Underfull \hbox (badness 10000) in paragraph at lines 103--108

 []

[8 <./Imagens/Iarass-Lista.png> <./Imagens/Iarass-Arvore.png>])
(./Resultados.tex
Package svg Info: Last page of `./svg-inkscape/3lgn_svg-tex.pdf' is 1 on input 
line 19.
 (./svg-inkscape/3lgn_svg-tex.pdf_tex
<./svg-inkscape/3lgn_svg-tex.pdf, id=92, page=1, 401.14445pt x 303.84914pt>
File: ./svg-inkscape/3lgn_svg-tex.pdf Graphic file (type pdf)
<use ./svg-inkscape/3lgn_svg-tex.pdf, page 1>
Package pdftex.def Info: ./svg-inkscape/3lgn_svg-tex.pdf , page1 used on input 
line 56.
(pdftex.def)             Requested size: 240.23016pt x 181.96315pt.
)
Package svg Info: Last page of `./svg-inkscape/2lgn_svg-tex.pdf' is 1 on input 
line 23.

(./svg-inkscape/2lgn_svg-tex.pdf_tex
<./svg-inkscape/2lgn_svg-tex.pdf, id=94, page=1, 401.14445pt x 303.84914pt>
File: ./svg-inkscape/2lgn_svg-tex.pdf Graphic file (type pdf)
<use ./svg-inkscape/2lgn_svg-tex.pdf, page 1>
Package pdftex.def Info: ./svg-inkscape/2lgn_svg-tex.pdf , page1 used on input 
line 56.
(pdftex.def)             Requested size: 240.23016pt x 181.96315pt.
)
Package svg Info: Last page of `./svg-inkscape/1lgn-skip-2_svg-tex.pdf' is 1 on
 input line 29.

(./svg-inkscape/1lgn-skip-2_svg-tex.pdf_tex
<./svg-inkscape/1lgn-skip-2_svg-tex.pdf, id=96, page=1, 401.14445pt x 303.84914
pt>
File: ./svg-inkscape/1lgn-skip-2_svg-tex.pdf Graphic file (type pdf)
<use ./svg-inkscape/1lgn-skip-2_svg-tex.pdf, page 1>
Package pdftex.def Info: ./svg-inkscape/1lgn-skip-2_svg-tex.pdf , page1 used on
 input line 56.
(pdftex.def)             Requested size: 240.23016pt x 181.96315pt.
)
Package svg Info: Last page of `./svg-inkscape/1lgn-skip-4_svg-tex.pdf' is 1 on
 input line 33.

(./svg-inkscape/1lgn-skip-4_svg-tex.pdf_tex
<./svg-inkscape/1lgn-skip-4_svg-tex.pdf, id=98, page=1, 401.14445pt x 303.84914
pt>
File: ./svg-inkscape/1lgn-skip-4_svg-tex.pdf Graphic file (type pdf)
<use ./svg-inkscape/1lgn-skip-4_svg-tex.pdf, page 1>
Package pdftex.def Info: ./svg-inkscape/1lgn-skip-4_svg-tex.pdf , page1 used on
 input line 56.
(pdftex.def)             Requested size: 240.23016pt x 181.96315pt.
)
Package svg Info: Last page of `./svg-inkscape/1lgn-skip-8_svg-tex.pdf' is 1 on
 input line 39.

(./svg-inkscape/1lgn-skip-8_svg-tex.pdf_tex
<./svg-inkscape/1lgn-skip-8_svg-tex.pdf, id=100, page=1, 401.14445pt x 303.8491
4pt>
File: ./svg-inkscape/1lgn-skip-8_svg-tex.pdf Graphic file (type pdf)
<use ./svg-inkscape/1lgn-skip-8_svg-tex.pdf, page 1>
Package pdftex.def Info: ./svg-inkscape/1lgn-skip-8_svg-tex.pdf , page1 used on
 input line 56.
(pdftex.def)             Requested size: 240.23016pt x 181.96315pt.
)
Package svg Info: Last page of `./svg-inkscape/1lgn-skip-16_svg-tex.pdf' is 1 o
n input line 43.

(./svg-inkscape/1lgn-skip-16_svg-tex.pdf_tex
<./svg-inkscape/1lgn-skip-16_svg-tex.pdf, id=102, page=1, 401.14445pt x 303.849
14pt>
File: ./svg-inkscape/1lgn-skip-16_svg-tex.pdf Graphic file (type pdf)
<use ./svg-inkscape/1lgn-skip-16_svg-tex.pdf, page 1>
Package pdftex.def Info: ./svg-inkscape/1lgn-skip-16_svg-tex.pdf , page1 used o
n input line 56.
(pdftex.def)             Requested size: 240.23016pt x 181.96315pt.
) [9]
Package svg Info: Last page of `./svg-inkscape/dense_results_svg-tex.pdf' is 1 
on input line 60.

(./svg-inkscape/dense_results_svg-tex.pdf_tex
<./svg-inkscape/dense_results_svg-tex.pdf, id=107, page=1, 617.23175pt x 385.08
063pt>
File: ./svg-inkscape/dense_results_svg-tex.pdf Graphic file (type pdf)
<use ./svg-inkscape/dense_results_svg-tex.pdf, page 1>
Package pdftex.def Info: ./svg-inkscape/dense_results_svg-tex.pdf , page1 used 
on input line 56.
(pdftex.def)             Requested size: 240.23016pt x 149.87529pt.
)
Package svg Info: Last page of `./svg-inkscape/iarass_1_000_000_svg-tex.pdf' is
 1 on input line 64.

(./svg-inkscape/iarass_1_000_000_svg-tex.pdf_tex
<./svg-inkscape/iarass_1_000_000_svg-tex.pdf, id=109, page=1, 617.23175pt x 385
.08063pt>
File: ./svg-inkscape/iarass_1_000_000_svg-tex.pdf Graphic file (type pdf)
<use ./svg-inkscape/iarass_1_000_000_svg-tex.pdf, page 1>
Package pdftex.def Info: ./svg-inkscape/iarass_1_000_000_svg-tex.pdf , page1 us
ed on input line 56.
(pdftex.def)             Requested size: 240.23016pt x 149.87529pt.
)
Package svg Info: Last page of `./svg-inkscape/simon_cruanes_1_000_000_svg-tex.
pdf' is 1 on input line 70.

(./svg-inkscape/simon_cruanes_1_000_000_svg-tex.pdf_tex
<./svg-inkscape/simon_cruanes_1_000_000_svg-tex.pdf, id=111, page=1, 617.23175p
t x 385.08063pt>
File: ./svg-inkscape/simon_cruanes_1_000_000_svg-tex.pdf Graphic file (type pdf
)
<use ./svg-inkscape/simon_cruanes_1_000_000_svg-tex.pdf, page 1>
Package pdftex.def Info: ./svg-inkscape/simon_cruanes_1_000_000_svg-tex.pdf , p
age1 used on input line 56.
(pdftex.def)             Requested size: 240.23016pt x 149.87529pt.
) [10 <./svg-inkscape/3lgn_svg-tex.pdf> <./svg-inkscape/2lgn_svg-tex.pdf

pdfTeX warning: pdflatex (file ./svg-inkscape/2lgn_svg-tex.pdf): PDF inclusion:
 multiple pdfs with page group included in a single page
> <./svg-inkscape/1lgn-skip-2_svg-tex.pdf

pdfTeX warning: pdflatex (file ./svg-inkscape/1lgn-skip-2_svg-tex.pdf): PDF inc
lusion: multiple pdfs with page group included in a single page
> <./svg-inkscape/1lgn-skip-4_svg-tex.pdf

pdfTeX warning: pdflatex (file ./svg-inkscape/1lgn-skip-4_svg-tex.pdf): PDF inc
lusion: multiple pdfs with page group included in a single page
> <./svg-inkscape/1lgn-skip-8_svg-tex.pdf

pdfTeX warning: pdflatex (file ./svg-inkscape/1lgn-skip-8_svg-tex.pdf): PDF inc
lusion: multiple pdfs with page group included in a single page
> <./svg-inkscape/1lgn-skip-16_svg-tex.pdf

pdfTeX warning: pdflatex (file ./svg-inkscape/1lgn-skip-16_svg-tex.pdf): PDF in
clusion: multiple pdfs with page group included in a single page
>] [11 <./svg-inkscape/dense_results_svg-tex.pdf> <./svg-inkscape/iarass_1_000_
000_svg-tex.pdf

pdfTeX warning: pdflatex (file ./svg-inkscape/iarass_1_000_000_svg-tex.pdf): PD
F inclusion: multiple pdfs with page group included in a single page
> <./svg-inkscape/simon_cruanes_1_000_000_svg-tex.pdf

pdfTeX warning: pdflatex (file ./svg-inkscape/simon_cruanes_1_000_000_svg-tex.p
df): PDF inclusion: multiple pdfs with page group included in a single page
>]) (./Discussao.tex [12]) (./Conclusao.tex) (./Referencias.tex (./main.bbl))
[13] (./main.aux)
 ***********
LaTeX2e <2025-11-01>
L3 programming layer <2026-01-19>
 ***********
 ) 
Here is how much of TeX's memory you used:
 11328 strings out of 469495
 201228 string characters out of 5470098
 867326 words of memory out of 5000000
 39711 multiletter control sequences out of 15000+600000
 644370 words of font info for 75 fonts, out of 8000000 for 9000
 16 hyphenation exceptions out of 8191
 94i,12n,133p,442b,1682s stack positions out of 10000i,1000n,20000p,200000b,200000s
</usr/share/texmf-dist/fonts/type1/public/inconsolata/Inconsolata-zi4b.pfb></
usr/share/texmf-dist/fonts/type1/public/inconsolata/Inconsolata-zi4r.pfb></usr/
share/texmf-dist/fonts/type1/public/amsfonts/cm/cmmi10.pfb></usr/share/texmf-di
st/fonts/type1/public/amsfonts/cm/cmmi7.pfb></usr/share/texmf-dist/fonts/type1/
public/amsfonts/cm/cmmi8.pfb></usr/share/texmf-dist/fonts/type1/public/amsfonts
/cm/cmr10.pfb></usr/share/texmf-dist/fonts/type1/public/amsfonts/cm/cmr7.pfb></
usr/share/texmf-dist/fonts/type1/public/amsfonts/cm/cmsy10.pfb></usr/share/texm
f-dist/fonts/type1/public/amsfonts/cm/cmsy7.pfb></usr/share/texmf-dist/fonts/ty
pe1/public/cm-super/sfbi1000.pfb></usr/share/texmf-dist/fonts/type1/public/cm-s
uper/sfbx0900.pfb></usr/share/texmf-dist/fonts/type1/public/cm-super/sfbx1000.p
fb></usr/share/texmf-dist/fonts/type1/public/cm-super/sfbx1200.pfb></usr/share/
texmf-dist/fonts/type1/public/cm-super/sfbx1440.pfb></usr/share/texmf-dist/font
s/type1/public/cm-super/sfrm0800.pfb></usr/share/texmf-dist/fonts/type1/public/
cm-super/sfrm0900.pfb></usr/share/texmf-dist/fonts/type1/public/cm-super/sfrm10
00.pfb></usr/share/texmf-dist/fonts/type1/public/cm-super/sfrm1200.pfb></usr/sh
are/texmf-dist/fonts/type1/public/cm-super/sfrm1728.pfb></usr/share/texmf-dist/
fonts/type1/public/cm-super/sfti1000.pfb>
Output written on main.pdf (13 pages, 1437699 bytes).
PDF statistics:
 724 PDF objects out of 1000 (max. 8388607)
 442 compressed objects within 5 object streams
 0 named destinations out of 1000 (max. 500000)
 198 words of extra memory for PDF output out of 10000 (max. 10000000)

